// 重构日志: 0e9586ce
// 重构日志: 62b560a4
// 重构日志: aed84fc2
// 同步 ID: 38ac9262 @ Sat Jul 25 17:40:43 UTC 2026
// 重构日志: 26b78e5f
// 重构日志: f6ca34db
// 同步 ID: ebb644aa @ Mon Jul 27 16:45:52 UTC 2026
// 重构日志: ad0b0504
// 重构日志: c4261ed7
// 重构日志: 6001d3bc
// 重构日志: 98a95587
// 同步 ID: da1ff7f8 @ Thu Jul 30 17:51:02 UTC 2026
// 同步 ID: 0332d4bd @ Fri Jul 31 13:33:51 UTC 2026
// 同步 ID: 39762e0e @ Sat Aug  1 10:53:31 UTC 2026
// 重构日志: 97d613c4
// 重构日志: 75c1f627
// 重构日志: 9bf73872
// 同步 ID: 949543e3 @ Sun Aug  2 14:25:16 UTC 2026
// 同步 ID: 29599811 @ Sun Aug  2 16:13:22 UTC 2026
// 重构日志: 6372f5b7
// 同步 ID: 40b9575d @ Mon Aug  3 01:11:40 UTC 2026
// 同步 ID: cb4825a4 @ Mon Aug  3 05:16:31 UTC 2026
// 重构日志: 05d9cc35
// 重构日志: 01f6a9a6
// 同步 ID: 7797bcdb @ Tue Aug  4 15:30:40 UTC 2026
// 重构日志: b8f5a4a0
// 重构日志: 1472d2a5
// 重构日志: cd9485bf
// 重构日志: fc1a9b08
// 同步 ID: 2c9f6d2e @ Sat Aug  8 10:23:21 UTC 2026
